Total Tests in Suite: 2,
Total Tests Completed: 2,
Tests Passed: 2,
Tests Failed: 0,
Flaky Tests: 0,
Test Skipped: 0,
Test run was failure free? true,
Duration of CPU usage in ms: 10754,
Duration of entire test run in ms: 7199,
Average Test Duration in ms: 5377,
Test Suite Duration: 00:08 (mm:ss),
Average Test Duration: 00:06 (mm:ss),
Number of workers used for test run: 6